// Jest Snapshot v1, https://goo.gl/fbAQLP

exports[`fixture:redirect redirect 1`] = `
"import \\"./style.module.css\\";
var style_module_default = { \\"a\\": \\"a_ce8e5\\" };
export {
  style_module_default as default
};
"
`;

exports[`fixture:redirect redirect 2`] = `
"import b from \\"./assets/logo.5d5d9eef.svg\\";
import a from \\"./style.module\\";
export {
  a,
  b
};
"
`;
